// Jest Snapshot v1, https://goo.gl/fbAQLP

exports[`VisualizationItem/Item renders a DefaultPlugin when a item different from chart is passed 1`] = `ShallowWrapper {}`;
