// Jest Snapshot v1, https://goo.gl/fbAQLP

exports[`EditDashboard does not render titlebar and grid if small screen 1`] = `
<div>
  <header />
</div>
`;

exports[`EditDashboard renders dashboard 1`] = `
<div>
  <header />
  <div
    class="container dashboard-scroll-container"
    data-test="outer-scroll-container"
  >
    <div>
      ActionsBar
    </div>
    <div
      class="container dashboard-scroll-container"
      data-test="inner-scroll-container"
    >
      <div>
        TitleBar
      </div>
      <div>
        ItemGrid
      </div>
    </div>
  </div>
  <div
    class="notice"
  >
    <div
      class="Notice"
    />
  </div>
</div>
`;

exports[`EditDashboard renders message when not enough access 1`] = `
<div>
  <header />
  <div
    class="container dashboard-scroll-container"
    data-test="outer-scroll-container"
  >
    <div>
      ActionsBar
    </div>
    <div
      class="container"
    >
      <svg
        height="100"
        width="100"
        xmlns="http://www.w3.org/2000/svg"
      >
        <path
          d="M96.4184693 4.6480742l-2.9759268 2.6728C91.5558812 5.2202435 88.8786031 4 86 4V0c4.0260387 0 7.7809122 1.7113874 10.4184693 4.6480742zM100 19.269042h-4l-.0000544-5.3024514c-.0043849-1.346405-.2739964-2.6517927-.7866406-3.8623659l3.6833463-1.559795c.7189815 1.6978243 1.0971493 3.5288134 1.1032837 5.4156229L100 19.269042zm0 13.9999755h-4v-10h4v10zm0 14h-4v-10h4v10zm0 14h-4v-10h4v10zm0 13.9999995h-4v-9.9999995h4v9.9999995zm-.516108 14.50858l-3.8521996-1.077292C95.8751624 87.829701 96 86.924153 96 86v-6.730983h4V86c0 1.289184-.1747984 2.557136-.516108 3.777597zM87.7213345 99.895024l-.4874961-3.970182c2.8302961-.34753 5.3578432-1.892491 6.9762006-4.213767l3.2812621 2.287645c-2.2629208 3.245799-5.802045 5.409086-9.7699666 5.896304zM73.461965 100v-4h10v4h-10zm-14 0v-4h10v4h-10zm-14 0v-4h10v4h-10zm-14 0v-4h10v4h-10zm-14 0v-4h10v4h-10zM3.17264828 94.875717l3.09219912-2.537382c1.79303608 2.185097 4.4211055 3.525451 7.2855127 3.651773l-.176231 3.996116c-4.01094422-.176885-7.69477669-2.055693-10.20148082-5.110507zM0 80.192922h4l.00006331 5.84312c.00418159 1.190127.21554574 2.348454.61951638 3.438567L.86883696 90.864547C.3022517 89.335619.0059261 87.711683.00007566 86.043095L0 80.192922zm0-13.999974h4v10H0v-10zm0-14.0000005h4v10H0v-10zm0-14h4v10H0v-10zm0-14h4v10H0v-10zM.701349 9.6140131l3.79891292 1.2523021C4.17021443 11.8675286 4 12.9209553 4 14v6.1929475H0V14c0-1.5058511.2385093-2.9819426.701349-4.3859869zM12.9113947.0417954l.3073341 3.9881757c-2.8514503.2197365-5.43930476 1.6474003-7.16021518 3.8917822l-3.1742768-2.4339201C5.29022999 2.3499781 8.91606935.3496804 12.9113947.0417954zM27.07607 0v4h-10V0h10zm14 0v4h-10V0h10zm14 0v4h-10V0h10zm14 0v4h-10V0h10zm14 0v4h-10V0h10z"
          fill="#d5dde5"
        />
      </svg>
      <p>
        No access
      </p>
    </div>
  </div>
  <div
    class="notice"
  >
    <div
      class="Notice"
    />
  </div>
</div>
`;

exports[`EditDashboard renders print preview 1`] = `
<div>
  <header />
  <div
    class="container dashboard-scroll-container"
    data-test="outer-scroll-container"
  >
    <div>
      ActionsBar
    </div>
    <div>
      LayoutPrintPreview
    </div>
  </div>
  <div
    class="notice"
  >
    <div
      class="Notice"
    />
  </div>
</div>
`;
