// Jest Snapshot v1, https://goo.gl/fbAQLP

exports[`ViewDashboard renders correctly default 1`] = `
<Fragment>
  <DashboardsBar />
  <DashboardVerticalOffset />
  <div
    className="dashboard-wrapper"
  >
    <TitleBar
      edit={false}
    />
    <FilterBar />
    <ItemGrid
      edit={false}
    />
  </div>
</Fragment>
`;
