// Jest Snapshot v1, https://goo.gl/fbAQLP

exports[`ConfirmDeleteDialog matches the snapshot 1`] = `
ShallowWrapper {
  Symbol(enzyme.__root__): [Circular],
  Symbol(enzyme.__unrendered__): <ConfirmDeleteDialog
    dashboardName=""
    onContinueEditing={[MockFunction]}
    onDeleteConfirmed={[MockFunction]}
    open={false}
  />,
  Symbol(enzyme.__renderer__): Object {
    "batchedUpdates": [Function],
    "checkPropTypes": [Function],
    "getNode": [Function],
    "render": [Function],
    "simulateError": [Function],
    "simulateEvent": [Function],
    "unmount": [Function],
  },
  Symbol(enzyme.__node__): Object {
    "instance": null,
    "key": undefined,
    "nodeType": "function",
    "props": Object {
      "children": Array [
        <Title>
          Delete dashboard
        </Title>,
        <Content>
          <span
            style={
              Object {
                "fontSize": "14px",
                "lineHeight": "1.4",
              }
            }
          >
            Deleting dashboard "" will remove it for all users. This action cannot be undone. Are you sure you want to permanently delete this dashboard?
          </span>
        </Content>,
        <Actions>
          <Button
            onClick={[MockFunction]}
            secondary={true}
            type="button"
          >
            Cancel
          </Button>
          <span
            style={
              Object {
                "marginLeft": "8px",
              }
            }
          >
            <Button
              destructive={true}
              onClick={[MockFunction]}
              type="button"
            >
              Delete
            </Button>
          </span>
        </Actions>,
      ],
      "onClose": [MockFunction],
      "open": false,
    },
    "ref": null,
    "rendered": Array [
      Object {
        "instance": null,
        "key": undefined,
        "nodeType": "function",
        "props": Object {
          "children": "Delete dashboard",
        },
        "ref": null,
        "rendered": "Delete dashboard",
        "type": [Function],
      },
      Object {
        "instance": null,
        "key": undefined,
        "nodeType": "function",
        "props": Object {
          "children": <span
            style={
              Object {
                "fontSize": "14px",
                "lineHeight": "1.4",
              }
            }
          >
            Deleting dashboard "" will remove it for all users. This action cannot be undone. Are you sure you want to permanently delete this dashboard?
          </span>,
        },
        "ref": null,
        "rendered": Object {
          "instance": null,
          "key": undefined,
          "nodeType": "host",
          "props": Object {
            "children": "Deleting dashboard \\"\\" will remove it for all users. This action cannot be undone. Are you sure you want to permanently delete this dashboard?",
            "style": Object {
              "fontSize": "14px",
              "lineHeight": "1.4",
            },
          },
          "ref": null,
          "rendered": "Deleting dashboard \\"\\" will remove it for all users. This action cannot be undone. Are you sure you want to permanently delete this dashboard?",
          "type": "span",
        },
        "type": [Function],
      },
      Object {
        "instance": null,
        "key": undefined,
        "nodeType": "function",
        "props": Object {
          "children": Array [
            <Button
              onClick={[MockFunction]}
              secondary={true}
              type="button"
            >
              Cancel
            </Button>,
            <span
              style={
                Object {
                  "marginLeft": "8px",
                }
              }
            >
              <Button
                destructive={true}
                onClick={[MockFunction]}
                type="button"
              >
                Delete
              </Button>
            </span>,
          ],
        },
        "ref": null,
        "rendered": Array [
          Object {
            "instance": null,
            "key": "cancel",
            "nodeType": "function",
            "props": Object {
              "children": "Cancel",
              "onClick": [MockFunction],
              "secondary": true,
              "type": "button",
            },
            "ref": null,
            "rendered": "Cancel",
            "type": [Function],
          },
          Object {
            "instance": null,
            "key": undefined,
            "nodeType": "host",
            "props": Object {
              "children": <Button
                destructive={true}
                onClick={[MockFunction]}
                type="button"
              >
                Delete
              </Button>,
              "style": Object {
                "marginLeft": "8px",
              },
            },
            "ref": null,
            "rendered": Object {
              "instance": null,
              "key": "delete",
              "nodeType": "function",
              "props": Object {
                "children": "Delete",
                "destructive": true,
                "onClick": [MockFunction],
                "type": "button",
              },
              "ref": null,
              "rendered": "Delete",
              "type": [Function],
            },
            "type": "span",
          },
        ],
        "type": [Function],
      },
    ],
    "type": [Function],
  },
  Symbol(enzyme.__nodes__): Array [
    Object {
      "instance": null,
      "key": undefined,
      "nodeType": "function",
      "props": Object {
        "children": Array [
          <Title>
            Delete dashboard
          </Title>,
          <Content>
            <span
              style={
                Object {
                  "fontSize": "14px",
                  "lineHeight": "1.4",
                }
              }
            >
              Deleting dashboard "" will remove it for all users. This action cannot be undone. Are you sure you want to permanently delete this dashboard?
            </span>
          </Content>,
          <Actions>
            <Button
              onClick={[MockFunction]}
              secondary={true}
              type="button"
            >
              Cancel
            </Button>
            <span
              style={
                Object {
                  "marginLeft": "8px",
                }
              }
            >
              <Button
                destructive={true}
                onClick={[MockFunction]}
                type="button"
              >
                Delete
              </Button>
            </span>
          </Actions>,
        ],
        "onClose": [MockFunction],
        "open": false,
      },
      "ref": null,
      "rendered": Array [
        Object {
          "instance": null,
          "key": undefined,
          "nodeType": "function",
          "props": Object {
            "children": "Delete dashboard",
          },
          "ref": null,
          "rendered": "Delete dashboard",
          "type": [Function],
        },
        Object {
          "instance": null,
          "key": undefined,
          "nodeType": "function",
          "props": Object {
            "children": <span
              style={
                Object {
                  "fontSize": "14px",
                  "lineHeight": "1.4",
                }
              }
            >
              Deleting dashboard "" will remove it for all users. This action cannot be undone. Are you sure you want to permanently delete this dashboard?
            </span>,
          },
          "ref": null,
          "rendered": Object {
            "instance": null,
            "key": undefined,
            "nodeType": "host",
            "props": Object {
              "children": "Deleting dashboard \\"\\" will remove it for all users. This action cannot be undone. Are you sure you want to permanently delete this dashboard?",
              "style": Object {
                "fontSize": "14px",
                "lineHeight": "1.4",
              },
            },
            "ref": null,
            "rendered": "Deleting dashboard \\"\\" will remove it for all users. This action cannot be undone. Are you sure you want to permanently delete this dashboard?",
            "type": "span",
          },
          "type": [Function],
        },
        Object {
          "instance": null,
          "key": undefined,
          "nodeType": "function",
          "props": Object {
            "children": Array [
              <Button
                onClick={[MockFunction]}
                secondary={true}
                type="button"
              >
                Cancel
              </Button>,
              <span
                style={
                  Object {
                    "marginLeft": "8px",
                  }
                }
              >
                <Button
                  destructive={true}
                  onClick={[MockFunction]}
                  type="button"
                >
                  Delete
                </Button>
              </span>,
            ],
          },
          "ref": null,
          "rendered": Array [
            Object {
              "instance": null,
              "key": "cancel",
              "nodeType": "function",
              "props": Object {
                "children": "Cancel",
                "onClick": [MockFunction],
                "secondary": true,
                "type": "button",
              },
              "ref": null,
              "rendered": "Cancel",
              "type": [Function],
            },
            Object {
              "instance": null,
              "key": undefined,
              "nodeType": "host",
              "props": Object {
                "children": <Button
                  destructive={true}
                  onClick={[MockFunction]}
                  type="button"
                >
                  Delete
                </Button>,
                "style": Object {
                  "marginLeft": "8px",
                },
              },
              "ref": null,
              "rendered": Object {
                "instance": null,
                "key": "delete",
                "nodeType": "function",
                "props": Object {
                  "children": "Delete",
                  "destructive": true,
                  "onClick": [MockFunction],
                  "type": "button",
                },
                "ref": null,
                "rendered": "Delete",
                "type": [Function],
              },
              "type": "span",
            },
          ],
          "type": [Function],
        },
      ],
      "type": [Function],
    },
  ],
  Symbol(enzyme.__options__): Object {
    "adapter": ReactSixteenAdapter {
      "options": Object {
        "enableComponentDidUpdateOnSetState": true,
        "legacyContextMode": "parent",
        "lifecycles": Object {
          "componentDidUpdate": Object {
            "onSetState": true,
          },
          "getChildContext": Object {
            "calledByRenderer": false,
          },
          "getDerivedStateFromProps": Object {
            "hasShouldComponentUpdateBug": false,
          },
          "getSnapshotBeforeUpdate": true,
          "setState": Object {
            "skipsComponentDidUpdateOnNullish": true,
          },
        },
      },
    },
    "context": Object {
      "d2": Object {
        "currentUser": Object {
          "firstName": "Mark the Ghost",
          "surname": "Polak",
          "userSettings": Object {
            "get": [Function],
          },
        },
      },
      "i18n": Object {
        "t": [Function],
      },
    },
  },
}
`;
