// Jest Snapshot v1, https://goo.gl/fbAQLP

exports[`EditTitleBar renders correctly when displayName is provided 1`] = `
<section
  className="section"
>
  <div
    className="titleDescription"
  >
    <InputField
      className="title"
      dataTest="dhis2-uicore-inputfield"
      label="Dashboard title"
      name="Dashboard title input"
      onChange={[Function]}
      type="text"
      value="Rainbow Dash"
    />
    <TextAreaField
      className="description"
      dataTest="dhis2-uicore-textareafield"
      label="Dashboard description"
      name="Dashboard description input"
      onChange={[Function]}
      resize="vertical"
      rows={4}
      value="The blue one"
      width="100%"
    />
  </div>
  <div
    className="itemSelector"
  >
    <itemselector />
  </div>
</section>
`;

exports[`EditTitleBar renders correctly when displayName not provided 1`] = `
<section
  className="section"
>
  <div
    className="titleDescription"
  >
    <InputField
      className="title"
      dataTest="dhis2-uicore-inputfield"
      label="Dashboard title"
      name="Dashboard title input"
      onChange={[Function]}
      type="text"
      value="Rainbow Dash"
    />
    <TextAreaField
      className="description"
      dataTest="dhis2-uicore-textareafield"
      label="Dashboard description"
      name="Dashboard description input"
      onChange={[Function]}
      resize="vertical"
      rows={4}
      value="The blue one"
      width="100%"
    />
  </div>
  <div
    className="itemSelector"
  >
    <itemselector />
  </div>
</section>
`;
